A51 MACRO ASSEMBLER  USB118A                                                              06/04/2008 11:50:24 PAGE     1


MACRO ASSEMBLER A51 V8.00
OBJECT MODULE PLACED IN usb118a.OBJ
ASSEMBLER INVOKED BY: C:\Keil\C51\BIN\A51.EXE usb118a.asm SET(COMPACT) DEBUG EP

LOC  OBJ            LINE     SOURCE

                       1     
                       2     
                       3     
                       4     
                       5     
                       6     
                       7     
                       8     
                       9     
                      10     
                      11     
                      12     
                      13     
                      14     
                      15     
                      16     
                      17     
                      18     
                      19     
                      20     
                      21     
                      22     
                      23     
0000                  24             ORG 0000H
0000 2100             25             AJMP MAIN
0100                  26             ORG 0100H
                      27     
                      28     
                      29     
0100                  30     MAIN:
0100 758160           31             MOV  SP,  #60H          ;…Ë÷√∂—’ª÷∏’Î
0103 758920           32             MOV  TMOD,#20H          ;º∆ ∆˜1π§◊˜‘⁄∑Ω Ω2
0106 758DF3           33             MOV  TH1, #0F3H         ;æß’Ò∆µ¬ Œ™24MHZ£¨≤®Ãÿ¬ Œ™9600
0109 758BF3           34             MOV  TL1, #0F3H
                      35                     
                      36        ;MOV  TH1,  #0FAH             ;æß’Ò∆µ¬ Œ™11.0592MHZ,≤®Ãÿ¬ Œ™9600
                      37        ;MOV  TL1,  #0FAH    
                      38     
010C 758780           39             MOV  PCON,#80H          ;smodŒ™1
010F D28E             40             SETB  TR1                   ;∆Ù∂Øº∆ ±
0111 759840           41             MOV  SCON,#40H
                      42     
                      43     
                      44     
                      45     
                      46     
0114 7910             47             MOV  R1,#10H            ;…¡À∏10¥Œ
0116                  48     ML:     
0116 120255           49             LCALL DELAY             
0119 120255           50             LCALL DELAY             ;—” ±
011C 120255           51             LCALL DELAY
011F 120255           52             LCALL DELAY
0122 D9F2             53             DJNZ R1,ML
                      54     
                      55     
0124                  56     USB_Detect:     
0124 C2AF             57         CLR    EA                   ;πÿ±’÷–∂œ
0126 C29C             58         CLR    REN              ;πÿ±’Ω” ’Œª
A51 MACRO ASSEMBLER  USB118A                                                              06/04/2008 11:50:24 PAGE     2

0128 900260           59             MOV    DPTR, #Detect ;ºÏ≤‚U≈Ã√¸¡Ó≥ı÷∑
012B 7F42             60         MOV    R7,  #66             ;R7∂®“ÂŒ™Ω´“™∑¢ÀÕµƒ◊÷Ω⁄ 
012D 120246           61             LCALL  SEND             ;µ˜”√∑¢ÀÕ◊”≥Ã–Ú
0130 D29C             62             SETB   REN              ;¥Úø™Ω” ’Œª
                      63     
0132 3098FD           64         JNB    RI,$         ;µ»¥Ω” ’µΩ æ›
0135 C298             65             CLR    RI
0137 E599             66         MOV    A,SBUF               ;Ω” ’”¶¥¬Î
0139 B40441           67             CJNE   A,#04H,OUT1      ;04ºÏ≤‚”¶¥¬Î£¨∂‘‘ÚºÃ–¯÷¥–– ≈–∂œ «∑Ò≥…π¶÷¥–– ∑Ò‘Ú◊™¥ÌŒÛ¥¶¿Ì
                      68      
013C 3098FD           69         JNB    RI,$         ;µ»¥Ω” ’µΩ æ›
013F C298             70             CLR    RI
0141 E599             71             MOV    A,SBUF           ;Ω” ’”¶¥–≈∫≈
0143 B40137           72             CJNE   A,#01H,OUT1      ;01≈–∂œ «∑Ò≥…π¶÷¥––£¨≥…π¶‘ÚºÃ–¯÷¥–– ∑Ò‘Ú◊™¥ÌŒÛ¥¶¿Ì
                      73     
                      74     
                      75     
0146 120183           76         LCALL  CRT
0149 3098FD           77             JNB    RI,$         ;µ»¥Ω” ’µΩ æ›
014C C298             78             CLR    RI
014E E599             79         MOV    A,SBUF               ;Ω” ’”¶¥¬Î
0150 B40A2A           80             CJNE   A,#0AH,OUT1      ;0AºÏ≤‚”¶¥¬Î£¨∂‘‘ÚºÃ–¯÷¥–– ≈–∂œ «∑Ò≥…π¶÷¥–– ∑Ò‘Ú◊™¥ÌŒÛ¥¶¿Ì
                      81      
0153 3098FD           82         JNB    RI,$             ;µ»¥Ω” ’µΩ æ›
0156 C298             83             CLR    RI
0158 E599             84             MOV    A,SBUF           ;Ω” ’”¶¥–≈∫≈
015A B40120           85             CJNE   A,#01H,OUT1      ;01≈–∂œ «∑Ò≥…π¶÷¥––£¨≥…π¶‘ÚºÃ–¯÷¥–– ∑Ò‘Ú◊™¥ÌŒÛ¥¶¿Ì
                      86     
                      87     
                      88     
                      89     
015D 120196           90             LCALL OP
0160 3098FD           91         JNB    RI,$         ;µ»¥Ω” ’µΩ æ›
0163 C298             92             CLR    RI
0165 E599             93         MOV    A,SBUF               ;Ω” ’”¶¥¬Î
0167 B40D13           94             CJNE   A,#0DH,OUT1      ;0DºÏ≤‚”¶¥¬Î£¨∂‘‘ÚºÃ–¯÷¥–– ≈–∂œ «∑Ò≥…π¶÷¥–– ∑Ò‘Ú◊™¥ÌŒÛ¥¶¿Ì
                      95      
016A 3098FD           96         JNB    RI,$             ;µ»¥Ω” ’µΩ æ›
016D C298             97             CLR    RI
016F E599             98             MOV    A,SBUF           ;Ω” ’”¶¥–≈∫≈
0171 B40109           99             CJNE   A,#01H,OUT1      ;01≈–∂œ «∑Ò≥…π¶÷¥––£¨≥…π¶‘ÚºÃ–¯÷¥–– ∑Ò‘Ú◊™¥ÌŒÛ¥¶¿Ì
                     100     
                     101     
0174 1201A9          102             LCALL  WRT
0177 80FE            103             SJMP $    
0179 75A893          104         MOV    IE,#93H
017C 22              105         RET
                     106     
                     107     
                     108     
                     109     
017D                 110     OUT1:                               
017D 7F42            111             MOV R7,#66                ;R7∂®“ÂŒ™Ω´“™∑¢ÀÕµƒ◊÷Ω⁄ 
017F 020124          112             LJMP   USB_Detect ;ºÏ≤‚µΩu≈ÃŒ¥≥…π¶£¨÷ÿ–¬ºÏ≤‚
0182 22              113             RET
                     114     
                     115     
                     116     
                     117     
                     118     
0183                 119     CRT:
0183 C29C            120             CLR    REN                ;πÿ±’Ω” ’Œª
0185 120255          121             LCALL  DELAY
0188 7F42            122         MOV R7, #66           ;R7∂®“ÂŒ™Ω´“™∑¢ÀÕµƒ◊÷Ω⁄ 
018A 9002A2          123             MOV DPTR,#Create  ;Ω®¡¢Œƒº˛√¸¡Ó≥ı÷∑
018D 120246          124             LCALL SEND            ;µ˜”√∑¢ÀÕ◊”≥Ã–Ú
A51 MACRO ASSEMBLER  USB118A                                                              06/04/2008 11:50:24 PAGE     3

0190 00              125             NOP
0191 00              126             NOP
0192 00              127             NOP
0193 D29C            128             SETB REN                  ;¥Úø™Ω” ’Œª
0195 22              129             RET
                     130     
                     131     
                     132     
                     133     
                     134     
0196                 135     OP:
0196 C29C            136         CLR    REN           ;πÿ±’Ω” ’Œª    
0198 120255          137             LCALL  DELAY
019B 7F42            138             MOV R7, #66              ;R7∂®“ÂŒ™Ω´“™∑¢ÀÕµƒ◊÷Ω⁄ 
019D 9002E4          139             MOV DPTR,#Open   ;¥Úø™Œƒº˛√¸¡Ó≥ı÷∑
01A0 120246          140             LCALL SEND           ;µ˜”√∑¢ÀÕ◊”≥Ã–Ú
01A3 00              141             NOP
01A4 00              142             NOP
01A5 00              143             NOP
01A6 D29C            144             SETB REN                  ;¥Úø™Ω” ’Œª
01A8 22              145             RET
                     146             
                     147     
                     148     
                     149     
01A9                 150     WRT:    
01A9 C29C            151             CLR    REN                       ;πÿ±’Ω” ’Œª
01AB 120255          152             LCALL  DELAY
01AE 7F42            153             MOV R7,#66               ;R7∂®“ÂŒ™Ω´“™∑¢ÀÕµƒ◊÷Ω⁄ 
01B0 900326          154             MOV DPTR,#Write  ;–¥Œƒº˛√¸¡Ó≥ı÷∑        
01B3 120246          155             LCALL  SEND              ;∑¢ÀÕ æ›
                     156     
01B6 7F0F            157             MOV R7,#15               ;¥À¥¶ «Ω´“™∑¢ÀÕµƒ–¥»Î æ›µƒ◊÷Ω⁄ 
01B8 900536          158     ON:     MOV DPTR,#Date1  ; æ›≥ıµÿ÷∑
01BB 120246          159             LCALL  SEND              ;∑¢ÀÕ æ›
01BE 00              160             NOP
01BF 00              161             NOP
01C0 D29C            162             SETB REN                ;¥Úø™Ω” ’Œª
01C2 22              163             RET
                     164     
                     165     
                     166     
                     167     
01C3                 168     REM:    
01C3 C29C            169             CLR   REN                        ;πÿ±’Ω” ’Œª
01C5 120255          170             LCALL DELAY
01C8 9003AA          171             MOV DPTR,#Remove ;…Ë÷√…æ≥√¸¡Ó≥ı÷∑
01CB 120246          172             LCALL  SEND              ;∑¢ÀÕ√¸¡Ó
01CE 00              173             NOP
01CF 00              174             NOP
01D0 00              175             NOP
01D1 D29C            176             SETB REN                 ;¥Úø™Ω” ’Œª
01D3 22              177             RET
                     178     
                     179     
                     180     
                     181             
01D4                 182     SFP:    
01D4 C29C            183             CLR REN                          ;πÿ±’Ω” ’Œª
01D6 120255          184             LCALL DELAY
01D9 7F42            185             MOV R7,#66
01DB 9003EC          186             MOV DPTR,#SetFilePointer ;…Ë÷√Œƒº˛÷∏’Î√¸¡Ó≥ı÷∑
01DE 120246          187             LCALL SEND                        ;∑¢ÀÕ√¸¡Ó
01E1 00              188             NOP
01E2 00              189             NOP
01E3 00              190             NOP
A51 MACRO ASSEMBLER  USB118A                                                              06/04/2008 11:50:24 PAGE     4

01E4 D29C            191             SETB REN                           ;¥Úø™Ω” ’Œª
01E6 22              192             RET
                     193     
                     194     
                     195     
                     196     
01E7                 197     RAD:
01E7 C29C            198             CLR REN                   ;πÿ±’Ω” ’Œª
01E9 120255          199             LCALL DELAY
01EC 7F42            200             MOV R7,#66
01EE 900368          201             MOV DPTR,#Read    ;…Ë÷√∂¡√¸¡Ó≥ı÷∑
01F1 120246          202             LCALL SEND                ;∑¢ÀÕ√¸¡Ó
01F4 00              203             NOP
01F5 00              204             NOP
01F6 00              205             NOP
01F7 D29C            206             SETB REN                  ;¥Úø™Ω” ’Œª
01F9 22              207         RET
                     208     
                     209     
                     210     
01FA                 211     MDIR:
01FA C29C            212         CLR  REN                    ;πÿ±’Ω” ’Œª
01FC 120255          213             LCALL DELAY
01FF 7F42            214             MOV R7, #66
0201 90042E          215             MOV DPTR, #MakeDir      ;…Ë÷√Ω®¡¢ƒø¬º≥ı÷∑
0204 120246          216             LCALL SEND                      ;∑¢ÀÕ√¸¡Ó
0207 00              217             NOP
0208 00              218             NOP 
0209 00              219             NOP
020A D29C            220             SETB REN                        ;¥Úø™Ω” ’Œª
020C 22              221             RET
                     222     
                     223     
                     224     
                     225     
020D                 226     IND:
020D C29C            227         CLR  REN              ;πÿ±’Ω” ’Œª
020F 120255          228             LCALL DELAY
0212 7F42            229             MOV R7, #66
0214 900470          230             MOV DPTR, #InDir   ;…Ë÷√Ω¯»Îƒø¬º≥ı÷∑
0217 120246          231             LCALL SEND                 ;∑¢ÀÕ√¸¡Ó
021A 00              232             NOP
021B 00              233             NOP 
021C 00              234             NOP
021D D29C            235             SETB REN                        ;¥Úø™Ω” ’Œª
021F 22              236             RET
                     237     
                     238     
                     239     
                     240     
0220                 241     OUTD:
0220 C29C            242         CLR  REN                    ;πÿ±’Ω” ’Œª
0222 120255          243             LCALL DELAY
0225 7F42            244             MOV R7, #66
0227 9004B2          245             MOV DPTR, #OutDir        ;…Ë÷√∑µªÿƒø¬º≥ı÷∑
022A 120246          246             LCALL SEND                       ;∑¢ÀÕ√¸¡Ó
022D 00              247             NOP
022E 00              248             NOP 
022F 00              249             NOP
0230 D29C            250             SETB REN                         ;¥Úø™Ω” ’Œª
0232 22              251             RET
                     252     
                     253     
                     254     
                     255     
0233                 256     ROOTD:
A51 MACRO ASSEMBLER  USB118A                                                              06/04/2008 11:50:24 PAGE     5

0233 C29C            257         CLR  REN                    ;πÿ±’Ω” ’Œª
0235 120255          258             LCALL DELAY
0238 7F42            259             MOV R7, #66
023A 9004F4          260             MOV DPTR, #RootDir      ;…Ë÷√∑µªÿ∏˘ƒø¬º≥ı÷∑
023D 120246          261             LCALL SEND                      ;∑¢ÀÕ√¸¡Ó
0240 00              262             NOP
0241 00              263             NOP 
0242 00              264             NOP
0243 D29C            265             SETB REN                        ;¥Úø™Ω” ’Œª
0245 22              266             RET
                     267     
                     268     
                     269     
                     270     
0246                 271     SEND:
0246 7800            272             MOV    R0,#00H   ;º∆ 
0248                 273     LOOP:
0248 E8              274             MOV    A,R0
0249 93              275             MOVC   A,@A+DPTR ;≤È±Ìµ√µΩ“™∑¢ÀÕµƒ æ›
024A F599            276             MOV    SBUF,A    ;∑¢ÀÕ æ›
024C 3099FD          277             JNB    TI,$              ;µ»¥∑¢ÀÕÕÍ±œ
024F C299            278         CLR    TI                       
0251 08              279             INC    R0
0252 DFF4            280             DJNZ   R7,LOOP   ;R7∑¢ÀÕ◊÷Ω⁄ 
0254 22              281             RET
                     282                     
                     283     
                     284     
                     285     
0255                 286     DELAY:  
0255 7DFF            287         MOV R5,#0FFH
0257                 288     LOOP2:
0257 7CFF            289             MOV R4,#0FFH
0259                 290     LOOP1:
0259 00              291             NOP
025A 00              292             NOP
025B DCFC            293             DJNZ R4,LOOP1
025D DDF8            294             DJNZ R5,LOOP2
025F 22              295             RET
                     296                                                                                                
                                                                             
                     297     
                     298     
                     299     
0260                 300     Detect:                         ;ºÏ≤‚u≈Ã√¸¡Ó
0260 AABB01          301             DB 0AAH,0BBH,01H        
0263 20202020        302             DB 20H,20H,20H,20H,20H,20H,20H,20H,20H,20H,20H,20H,20H,20H,20H,20H
0267 20202020                
026B 20202020                
026F 20202020                
0273 20202020        303             DB 20H,20H,20H,20H,20H,20H,20H,20H,20H,20H,20H,20H,20H,20H,20H,20H
0277 20202020                
027B 20202020                
027F 20202020                
0283 20202020        304             DB 20H,20H,20H,20H,20H,20H,20H,20H,20H,20H,20H,20H,20H,20H,20H,20H
0287 20202020                
028B 20202020                
028F 20202020                
0293 20202020        305             DB 20H,20H,20H,20H,20H,20H,20H,20H,20H,20H,20H,20H,20H,20H,20H
0297 20202020                
029B 20202020                
029F 202020                  
                     306     
02A2                 307     Create:                         ;Ω®¡¢TEST.TXTŒƒº˛√¸¡Ó
02A2 AABB07          308             DB 0AAH,0BBH,07H        
02A5 54455354        309             DB 54H,45H,53H,54H,20H,20H,20H,20H                          ;Create file name 
A51 MACRO ASSEMBLER  USB118A                                                              06/04/2008 11:50:24 PAGE     6

02A9 20202020                
02AD 545854          310             DB 54H,58H,54H                                                          ;File type
02B0 20000000        311             DB 20H,00H,00H,00H,00H,00H,00H,00H,00H,00H,00H
02B4 00000000                
02B8 000000                  
02BB 634FFD32        312             DB 63H,4FH,0FDH,32H                                      ;Create and  revise file t
                             ime
02BF 00              313             DB 00H
02C0 00000000        314             DB 00H,00H,00H,00H,00H,00H,00H,00H,00H,00H,00H,00H,00H,00H,00H,00H
02C4 00000000                
02C8 00000000                
02CC 00000000                
02D0 00000000        315             DB 00H,00H,00H,00H,00H,00H,00H,00H,00H,00H,00H,00H,00H,00H,00H,00H
02D4 00000000                
02D8 00000000                
02DC 00000000                
02E0 00000000        316             DB 00H,00H,00H,00H 
                     317     
02E4                 318     Open:                           ;¥Úø™Œƒº˛√¸¡Ó
02E4 AABB06          319             DB 0AAH,0BBH,06H                                
02E7 54455354        320             DB 54H,45H,53H,54H,20H,20H,20H,20H                           ;Open file name
02EB 20202020                
02EF 545854          321             DB 54H,58H,54H                                                               ;File 
                             type
02F2 00000000        322             DB 00H,00H,00H,00H,00H,00H,00H,00H,00H,00H,00H,00H,00H,00H
02F6 00000000                
02FA 00000000                
02FE 0000                    
0300 00000000        323             DB 00H,00H,00H,00H,00H,00H,00H,00H,00H,00H,00H,00H,00H,00H
0304 00000000                
0308 00000000                
030C 0000                    
030E 00000000        324             DB 00H,00H,00H,00H,00H,00H,00H,00H,00H,00H,00H,00H,00H,00H
0312 00000000                
0316 00000000                
031A 0000                    
031C 00000000        325             DB 00H,00H,00H,00H,00H,00H,00H,00H,00H,00H
0320 00000000                
0324 0000                    
                     326     
0326                 327     Write:                          ;–¥Œƒº˛√¸¡Ó     
0326 AABB0900        328             DB 0AAH,0BBH,09H,00H    
032A 0F00            329         DB 0FH,00H                                                    ;Write byte number
032C 20202020        330             DB 20H,20H,20H,20H,20H,20H,20H,20H,20H,20H,20H,20H,20H,20H,20H
0330 20202020                
0334 20202020                
0338 202020                  
033B 20202020        331             DB 20H,20H,20H,20H,20H,20H,20H,20H,20H,20H,20H,20H,20H,20H,20H
033F 20202020                
0343 20202020                
0347 202020                  
034A 20202020        332             DB 20H,20H,20H,20H,20H,20H,20H,20H,20H,20H,20H,20H,20H,20H,20H
034E 20202020                
0352 20202020                
0356 202020                  
0359 20202020        333             DB 20H,20H,20H,20H,20H,20H,20H,20H,20H,20H,20H,20H,20H,20H,20H
035D 20202020                
0361 20202020                
0365 202020                  
                     334     
0368                 335     Read:                           ;∂¡Œƒº˛√¸¡Ó
0368 AABB08          336             DB 0AAH,0BBH,08H
036B 0800            337             DB 08H,00H                                                         ;Read file lengt
                             h
036D 20202020        338             DB 20H,20H,20H,20H,20H,20H,20H,20H,20H,20H,20H,20H,20H,20H,20H
0371 20202020                
A51 MACRO ASSEMBLER  USB118A                                                              06/04/2008 11:50:24 PAGE     7

0375 20202020                
0379 202020                  
037C 20202020        339             DB 20H,20H,20H,20H,20H,20H,20H,20H,20H,20H,20H,20H,20H,20H,20H
0380 20202020                
0384 20202020                
0388 202020                  
038B 20202020        340             DB 20H,20H,20H,20H,20H,20H,20H,20H,20H,20H,20H,20H,20H,20H,20H
038F 20202020                
0393 20202020                
0397 202020                  
039A 20202020        341             DB 20H,20H,20H,20H,20H,20H,20H,20H,20H,20H,20H,20H,20H,20H,20H,20H
039E 20202020                
03A2 20202020                
03A6 20202020                
                     342     
03AA                 343     Remove:                         ;…æ≥Œƒº˛√¸¡Ó
03AA AABB1100        344             DB 0AAH,0BBH,11H,00H
03AE 54455354        345             DB 54H,45H,53H,54H,20H,20H,20H,20H                            ;Delete file name
03B2 20202020                
03B6 545854          346             DB 54H,58H,54H                                                                ;File
                              type
03B9 00000000        347             DB 00H,00H,00H,00H,00H,00H,00H,00H,00H,00H,00H,00H,00H,00H,00H
03BD 00000000                
03C1 00000000                
03C5 000000                  
03C8 00000000        348             DB 00H,00H,00H,00H,00H,00H,00H,00H,00H,00H,00H,00H,00H,00H,00H
03CC 00000000                
03D0 00000000                
03D4 000000                  
03D7 00000000        349             DB 00H,00H,00H,00H,00H,00H,00H,00H,00H,00H,00H,00H,00H,00H,00H
03DB 00000000                
03DF 00000000                
03E3 000000                  
03E6 00000000        350             DB 00H,00H,00H,00H,00H,00H
03EA 0000                    
                     351     
03EC                 352     SetFilePointer:                 ;…Ë÷√Œƒº˛÷∏’Î√¸¡Ó
03EC AABB1500        353             DB 0AAH,0BBH,15H,00H
03F0 94020000        354             DB 148,02H,00H,00H                                             ;…Ë÷√÷∏’ÎŒª÷√
03F4 20202020        355             DB 20H,20H,20H,20H,20H,20H,20H,20H,20H,20H,20H,20H,20H,20H,20H
03F8 20202020                
03FC 20202020                
0400 202020                  
0403 20202020        356             DB 20H,20H,20H,20H,20H,20H,20H,20H,20H,20H,20H,20H,20H,20H,20H
0407 20202020                
040B 20202020                
040F 202020                  
0412 20202020        357             DB 20H,20H,20H,20H,20H,20H,20H,20H,20H,20H,20H,20H,20H,20H,20H
0416 20202020                
041A 20202020                
041E 202020                  
0421 20202020        358             DB 20H,20H,20H,20H,20H,20H,20H,20H,20H,20H,20H,20H,20H
0425 20202020                
0429 20202020                
042D 20                      
                     359     
042E                 360     MakeDir:                        ;Ω®¡¢TESTƒø¬º
042E AABB32          361             DB 0AAH,0BBH,32H
0431 54455354        362             DB 54H,45H,53H,54H,20H,20H,20H,20H,20H,20H,20H,10H
0435 20202020                
0439 20202010                
043D 00000000        363             DB 00H,00H,00H,00H,00H,00H,00H,00H,00H,00H,0E3H,7EH,0FH,33H,00H
0441 00000000                
0445 0000E37E                
0449 0F3300                  
044C 00000000        364             DB 00H,00H,00H,00H,00H,00H,00H,00H,00H,00H,00H,00H,00H,00H,00H,00H
A51 MACRO ASSEMBLER  USB118A                                                              06/04/2008 11:50:24 PAGE     8

0450 00000000                
0454 00000000                
0458 00000000                
045C 00000000        365             DB 00H,00H,00H,00H,00H,00H,00H,00H,00H,00H,00H,00H,00H,00H,00H,00H
0460 00000000                
0464 00000000                
0468 00000000                
046C 00000000        366             DB 00H,00H,00H,00H
                     367     
0470                 368     InDir:                          ;Ω¯»ÎTESTƒø¬º
0470 AABB5445        369             DB 0AAH,0BBH,54H,45H,53H,54H,20H,20H,20H,20H,00H,00H,00H,00H
0474 53542020                
0478 20200000                
047C 0000                    
047E 00000000        370             DB 00H,00H,00H,00H,00H,00H,00H,00H,00H,00H,00H,00H,00H,00H,00H,00H
0482 00000000                
0486 00000000                
048A 00000000                
048E 00000000        371             DB 00H,00H,00H,00H,00H,00H,00H,00H,00H,00H,00H,00H,00H,00H,00H,00H
0492 00000000                
0496 00000000                
049A 00000000                
049E 00000000        372             DB 00H,00H,00H,00H,00H,00H,00H,00H,00H,00H,00H,00H,00H,00H,00H,00H
04A2 00000000                
04A6 00000000                
04AA 00000000                
04AE 00000000        373             DB 00H,00H,00H,00H
                     374     
04B2                 375     OutDir:                         ;∑µªÿ…œ“ª≤„ƒø¬º
04B2 AABB3400        376             DB 0AAH,0BBH,34H,00H,00H,00H,00H,00H,00H,00H,00H,00H,00H,00H,00H,00H
04B6 00000000                
04BA 00000000                
04BE 00000000                
04C2 00000000        377             DB 00H,00H,00H,00H,00H,00H,00H,00H,00H,00H,00H,00H,00H,00H,00H,00H
04C6 00000000                
04CA 00000000                
04CE 00000000                
04D2 00000000        378             DB 00H,00H,00H,00H,00H,00H,00H,00H,00H,00H,00H,00H,00H,00H,00H,00H
04D6 00000000                
04DA 00000000                
04DE 00000000                
04E2 00000000        379             DB 00H,00H,00H,00H,00H,00H,00H,00H,00H,00H,00H,00H,00H,00H,00H,00H
04E6 00000000                
04EA 00000000                
04EE 00000000                
04F2 0000            380             DB 00H,00H
                     381     
04F4                 382     RootDir:                        ;∑µªÿ∏˘ƒø¬º
04F4 AABB3500        383             DB 0AAH,0BBH,35H,00H,00H,00H,00H,00H,00H,00H,00H,00H,00H,00H,00H,00H
04F8 00000000                
04FC 00000000                
0500 00000000                
0504 00000000        384             DB 00H,00H,00H,00H,00H,00H,00H,00H,00H,00H,00H,00H,00H,00H,00H,00H
0508 00000000                
050C 00000000                
0510 00000000                
0514 00000000        385             DB 00H,00H,00H,00H,00H,00H,00H,00H,00H,00H,00H,00H,00H,00H,00H,00H
0518 00000000                
051C 00000000                
0520 00000000                
0524 00000000        386             DB 00H,00H,00H,00H,00H,00H,00H,00H,00H,00H,00H,00H,00H,00H,00H,00H
0528 00000000                
052C 00000000                
0530 00000000                
0534 0000            387             DB 00H,00H
                     388     
A51 MACRO ASSEMBLER  USB118A                                                              06/04/2008 11:50:24 PAGE     9

0536                 389     Date1:                          ; æ›1
0536 41424344        390             DB 41H,42H,43H,44H,45H,46H,47H,48H,49H,50H,61H,62H,63H,64H,65H
053A 45464748                
053E 49506162                
0542 636465                  
0545 30313233        391             DB 30H,31H,32H,33H,34H,35H,36H,37H,38H,39H,61H,62H,63H,64H,65H
0549 34353637                
054D 38396162                
0551 636465                  
0554 30313233        392             DB 30H,31H,32H,33H,34H,35H,36H,37H,38H,39H,61H,62H,63H,64H,65H
0558 34353637                
055C 38396162                
0560 636465                  
0563 30313233        393             DB 30H,31H,32H,33H,34H,35H,36H,37H,38H,39H,61H,62H,63H,64H,65H
0567 34353637                
056B 38396162                
056F 636465                  
0572 30313233        394             DB 30H,31H,32H,33H,0DH,0AH
0576 0D0A                    
                     395     END
                             
A51 MACRO ASSEMBLER  USB118A                                                              06/04/2008 11:50:24 PAGE    10

SYMBOL TABLE LISTING
------ ----- -------


N A M E             T Y P E  V A L U E   ATTRIBUTES

CREATE . . . . . .  C ADDR   02A2H   A   
CRT. . . . . . . .  C ADDR   0183H   A   
DATE1. . . . . . .  C ADDR   0536H   A   
DELAY. . . . . . .  C ADDR   0255H   A   
DETECT . . . . . .  C ADDR   0260H   A   
EA . . . . . . . .  B ADDR   00A8H.7 A   
IE . . . . . . . .  D ADDR   00A8H   A   
IND. . . . . . . .  C ADDR   020DH   A   
INDIR. . . . . . .  C ADDR   0470H   A   
LOOP . . . . . . .  C ADDR   0248H   A   
LOOP1. . . . . . .  C ADDR   0259H   A   
LOOP2. . . . . . .  C ADDR   0257H   A   
MAIN . . . . . . .  C ADDR   0100H   A   
MAKEDIR. . . . . .  C ADDR   042EH   A   
MDIR . . . . . . .  C ADDR   01FAH   A   
ML . . . . . . . .  C ADDR   0116H   A   
ON . . . . . . . .  C ADDR   01B8H   A   
OP . . . . . . . .  C ADDR   0196H   A   
OPEN . . . . . . .  C ADDR   02E4H   A   
OUT1 . . . . . . .  C ADDR   017DH   A   
OUTD . . . . . . .  C ADDR   0220H   A   
OUTDIR . . . . . .  C ADDR   04B2H   A   
PCON . . . . . . .  D ADDR   0087H   A   
RAD. . . . . . . .  C ADDR   01E7H   A   
READ . . . . . . .  C ADDR   0368H   A   
REM. . . . . . . .  C ADDR   01C3H   A   
REMOVE . . . . . .  C ADDR   03AAH   A   
REN. . . . . . . .  B ADDR   0098H.4 A   
RI . . . . . . . .  B ADDR   0098H.0 A   
ROOTD. . . . . . .  C ADDR   0233H   A   
ROOTDIR. . . . . .  C ADDR   04F4H   A   
SBUF . . . . . . .  D ADDR   0099H   A   
SCON . . . . . . .  D ADDR   0098H   A   
SEND . . . . . . .  C ADDR   0246H   A   
SETFILEPOINTER . .  C ADDR   03ECH   A   
SFP. . . . . . . .  C ADDR   01D4H   A   
SP . . . . . . . .  D ADDR   0081H   A   
TH1. . . . . . . .  D ADDR   008DH   A   
TI . . . . . . . .  B ADDR   0098H.1 A   
TL1. . . . . . . .  D ADDR   008BH   A   
TMOD . . . . . . .  D ADDR   0089H   A   
TR1. . . . . . . .  B ADDR   0088H.6 A   
USB_DETECT . . . .  C ADDR   0124H   A   
WRITE. . . . . . .  C ADDR   0326H   A   
WRT. . . . . . . .  C ADDR   01A9H   A   


REGISTER BANK(S) USED: 0 


ASSEMBLY COMPLETE.  0 WARNING(S), 0 ERROR(S)
