ARM Linker, RVCT3.0 [Build 951] for uVision [Full]

================================================================================

Section Cross References

    startup.o(STACK) refers (Special) to stkheap2.o(.text) for __use_two_region_memory
    startup.o(HEAP) refers (Special) to stkheap2.o(.text) for __use_two_region_memory
    startup.o(RESET) refers to startup.o(STACK) for Stack_Top
    startup.o(RESET) refers to __main.o(!!!main) for __main
    startup.o(RESET) refers (Special) to stkheap2.o(.text) for __use_two_region_memory
    startup.o(.text) refers to startup.o(HEAP) for Heap_Mem
    startup.o(.text) refers to startup.o(STACK) for Stack_Mem
    startup.o(.text) refers (Special) to stkheap2.o(.text) for __use_two_region_memory
    clockunit.o(.text) refers to irq_unit.o(.text) for IRQ_SetInt
    clockunit.o(.text) refers to clockunit.o(.data) for vCLK_TimerCount
    clockunit.o(.text) refers to clockunit.o(.bss) for vCLK_TimerRec
    command_unit.o(.text) refers to spi_unit.o(.text) for SPI_Init
    command_unit.o(.text) refers to clockunit.o(.text) for CLK_SetupTimer
    command_unit.o(.text) refers to uwrite4.o(.text) for __aeabi_uwrite4
    command_unit.o(.text) refers to command_unit.o(.bss) for vCMD_CmdStaBuffer
    command_unit.o(.text) refers to command_unit.o(.data) for vCMD_pCommand
    irq_unit.o(.text) refers to irq_unit.o(.constdata) for cIRQ_VICIntMask
    main.o(.text) refers to rt_memcpy_w.o(.text) for __aeabi_memcpy4
    main.o(.text) refers to clockunit.o(.text) for CLK_Delay
    main.o(.text) refers to command_unit.o(.text) for CMD_RootDir
    main.o(.text) refers to rt_memcpy.o(.text) for __aeabi_memcpy
    main.o(.text) refers to memcmp.o(.text) for memcmp
    main.o(.text) refers to __0sprintf.o(.text) for __0sprintf
    main.o(.text) refers to main.o(.data) for vMain_MyLED
    main.o(.text) refers to main.o(.constdata) for .constdata
    main.o(.text) refers (Special) to _printf_dec.o(.text) for _printf_int_dec
    main.o(.data) refers (Special) to _printf_dec.o(.text) for _printf_int_dec
    main.o(.constdata) refers (Special) to _printf_dec.o(.text) for _printf_int_dec
    spi_unit.o(.text) refers to spi_unit.o(.data) for vSPI_ReadCounter
    _printf_dec.o(.text) refers to rtudiv10.o(.text) for __rt_udiv10
    _printf_dec.o(.text) refers to _printf_intcommon.o(.text) for _printf_int_common
    __0sprintf.o(.text) refers to _printf_char_common.o(.text) for _printf_char_common
    __0sprintf.o(.text) refers to _sputc.o(.text) for _sputc
    rt_memcpy.o(.text) refers to rt_memcpy_w.o(.text) for __aeabi_memcpy4
    stkheap2.o(.text) refers to sys_stackheap_outer.o(.text) for __user_setup_stackheap
    stkheap2.o(.text) refers to rt_stackheap_storage_intlibspace.o(.text) for __rt_stackheap_storage
    __main.o(!!!main) refers to kernel.o(.text) for __rt_entry
    kernel.o(.text) refers to stkheap2.o(.text) for __rt_stackheap_init
    kernel.o(.text) refers to boardinit2.o(.text) for _platform_post_stackheap_init
    kernel.o(.text) refers to lib_init.o(.text) for __rt_lib_init
    kernel.o(.text) refers to boardinit3.o(.text) for _platform_post_lib_init
    kernel.o(.text) refers to exit.o(.text) for exit
    kernel.o(.text) refers to main.o(.text) for main
    kernel.o(.text) refers to sys_exit.o(.text) for _sys_exit
    kernel.o(.ARM.exidx) refers to kernel.o(.text) for __rt_entry
    sys_stackheap_outer.o(.text) refers to libspace.o(.text) for __user_perproc_libspace
    sys_stackheap_outer.o(.text) refers to startup.o(.text) for __user_initial_stackheap
    rt_stackheap_storage.o(.text) refers to rt_stackheap_storage.o(.bss) for __rt_stackheap_storage_data
    rt_stackheap_storage_intlibspace.o(.text) refers (Weak) to libspace.o(.bss) for __libspace_start
    rt_stackheap_storage_onelibspace.o(.text) refers (Weak) to libspace.o(.text) for __user_libspace
    rt_stackheap_storage_twolibspace.o(.text) refers (Weak) to libspace.o(.text) for __user_perproc_libspace
    _printf_intcommon.o(.text) refers to callvia.o(.text) for __ARM_call_via_r2
    _printf_char_common.o(.text) refers to __printf.o(.text) for __printf
    _printf_char_common.o(.text) refers to _printf_outstr_char.o(.text) for _printf_outstr_char
    _printf_char_common.o(.text) refers to _printf_input_char.o(.text) for _printf_input_char
    sys_exit.o(.text) refers to use_no_semi.o(.text) for __I_use_semihosting
    libspace.o(.text) refers to libspace.o(.bss) for __libspace_start
    __printf.o(.text) refers to callvia.o(.text) for __ARM_call_via_r1
    __printf.o(.text) refers (Weak) to _printf_dec.o(.text) for _printf_int_dec
    __printf.o(.text) refers to __printf.o(.constdata) for .constdata
    _printf_outstr_char.o(.text) refers to callvia.o(.text) for __ARM_call_via_r2
    exit.o(.text) refers to kernel.o(.text) for __rt_exit
    stkheap1.o(.text) refers to sys_stackheap_outer.o(.text) for __user_setup_stackheap
    stkheap1.o(.text) refers to rt_stackheap_storage_intlibspace.o(.text) for __rt_stackheap_storage
    stkheap1sc.o(.text) refers to sys_stackheap_outer.o(.text) for __user_setup_stackheap
    stkheap1sc.o(.text) refers to rt_stackheap_storage_intlibspace.o(.text) for __rt_stackheap_storage
    stkheap1sc.o(.text) refers to stkovf.o(.text) for __stack_overflow
    stkheap1sc.o(.text) refers to kernel.o(.text) for __rt_exit
    stkheap1sc.o(.text) refers to sys_exit.o(.text) for _sys_exit
    stkheap1sc.o(.text) refers to stacklimit.o(.bss) for __stack_limit
    stkheap1scss.o(.text) refers to sys_stackheap_outer.o(.text) for __user_setup_stackheap
    stkheap1scss.o(.text) refers to rt_stackheap_storage_intlibspace.o(.text) for __rt_stackheap_storage
    stkheap1scss.o(.text) refers to stack_cleanup.o(.text) for __user_stack_cleanup_space
    stkheap1scss.o(.text) refers to stkovf.o(.text) for __stack_overflow
    stkheap1scss.o(.text) refers to kernel.o(.text) for __rt_exit
    stkheap1scss.o(.text) refers to sys_exit.o(.text) for _sys_exit
    stkheap1scss.o(.text) refers to stacklimit.o(.bss) for __stack_limit
    stkheap2sc.o(.text) refers to sys_stackheap_outer.o(.text) for __user_setup_stackheap
    stkheap2sc.o(.text) refers to rt_stackheap_storage_intlibspace.o(.text) for __rt_stackheap_storage
    stkheap2sc.o(.text) refers to stkovf.o(.text) for __stack_overflow
    stkheap2sc.o(.text) refers to kernel.o(.text) for __rt_exit
    stkheap2sc.o(.text) refers to sys_exit.o(.text) for _sys_exit
    stkheap2sc.o(.text) refers to stacklimit.o(.bss) for __stack_limit
    stkheap2scss.o(.text) refers to sys_stackheap_outer.o(.text) for __user_setup_stackheap
    stkheap2scss.o(.text) refers to rt_stackheap_storage_intlibspace.o(.text) for __rt_stackheap_storage
    stkheap2scss.o(.text) refers to stack_cleanup.o(.text) for __user_stack_cleanup_space
    stkheap2scss.o(.text) refers to stkovf.o(.text) for __stack_overflow
    stkheap2scss.o(.text) refers to kernel.o(.text) for __rt_exit
    stkheap2scss.o(.text) refers to sys_exit.o(.text) for _sys_exit
    stkheap2scss.o(.text) refers to stacklimit.o(.bss) for __stack_limit
    lib_init.o(.emb_text) refers to no_argv.o(.text) for __ARM_get_argv
    lib_init.o(.text) refers to fpinit.o(x$fpl$fpinit) for _fp_init
    lib_init.o(.text) refers to lib_init.o(.emb_text) for __ARM_argv_veneer
    lib_init.o(.text) refers to rt_locale_intlibspace.o(.text) for __rt_locale
    rt_locale.o(.text) refers to rt_locale.o(.bss) for __rt_locale_data
    rt_locale_intlibspace.o(.text) refers (Weak) to libspace.o(.bss) for __libspace_start
    rt_locale_onelibspace.o(.text) refers (Weak) to libspace.o(.text) for __user_libspace
    rt_locale_twolibspace.o(.text) refers (Weak) to libspace.o(.text) for __user_perproc_libspace
    stkovf.o(.text) refers to defsig_stak_outer.o(.text) for __rt_SIGSTAK
    _get_argv.o(.text) refers to heapext.o(.text) for __heap_extend
    _get_argv.o(.text) refers to defsig_rtmem_outer.o(.text) for __rt_SIGRTMEM
    _get_argv.o(.text) refers to sys_command.o(.text) for _sys_command_string
    _get_argv.o(.text) refers (Special) to hrguard.o(.text) for __heap_region_guard
    fpinit.o(x$fpl$fpinit) refers to rt_fp_status_addr_intlibspace.o(.text) for __rt_fp_status_addr
    sys_command.o(.text) refers (Special) to use_no_semi.o(.text) for __I_use_semihosting
    rt_fp_status_addr.o(.text) refers to rt_fp_status_addr.o(.bss) for __rt_fp_status_addr_data
    rt_fp_status_addr_intlibspace.o(.text) refers (Weak) to libspace.o(.bss) for __libspace_start
    rt_fp_status_addr_onelibspace.o(.text) refers (Weak) to libspace.o(.text) for __user_libspace
    rt_fp_status_addr_twolibspace.o(.text) refers (Weak) to libspace.o(.text) for __user_perthread_libspace
    defsig_rtmem_outer.o(.text) refers to defsig_rtmem_inner.o(.text) for __rt_SIGRTMEM_inner
    defsig_rtmem_outer.o(.text) refers to defsig_exit.o(.text) for __sig_exit
    defsig_rtmem_formal.o(.text) refers to rt_raise.o(.text) for __rt_raise
    defsig_stak_outer.o(.text) refers to defsig_stak_inner.o(.text) for __rt_SIGSTAK_inner
    defsig_stak_outer.o(.text) refers to defsig_exit.o(.text) for __sig_exit
    defsig_stak_formal.o(.text) refers to rt_raise.o(.text) for __rt_raise
    heapext.o(.text) refers to stkheap2.o(.text) for __rt_heap_extend
    rt_raise.o(.text) refers to __raise.o(.text) for __raise
    rt_raise.o(.text) refers to sys_exit.o(.text) for _sys_exit
    defsig_exit.o(.text) refers to sys_exit.o(.text) for _sys_exit
    defsig_rtmem_inner.o(.text) refers to defsig_general.o(.text) for __default_signal_display
    defsig_stak_inner.o(.text) refers to defsig_general.o(.text) for __default_signal_display
    __raise.o(.text) refers to defsig.o(CL$$defsig) for __default_signal_handler
    __raise.o(.text) refers to callvia.o(.text) for __ARM_call_via_r2
    defsig_general.o(.text) refers to sys_wrch.o(.text) for _ttywrch
    sys_wrch.o(.text) refers (Special) to use_no_semi.o(.text) for __I_use_semihosting
    defsig.o(CL$$defsig) refers (Weak) to defsig_stak_inner.o(.text) for __rt_SIGSTAK_inner
    defsig.o(CL$$defsig) refers (Weak) to defsig_rtmem_inner.o(.text) for __rt_SIGRTMEM_inner


================================================================================

Adding Veneers to the image

    Adding AT veneer (8 bytes, Inline) for call to 'memcmp' from main.o(.text).
    Adding AT veneer (8 bytes, Inline) for call to '__0sprintf' from main.o(.text).
    Adding TA veneer (4 bytes, Inline) for call to '__rt_udiv10' from _printf_dec.o(.text).
    Adding AT veneer (8 bytes, Inline) for call to '__rt_lib_init' from kernel.o(.text).
    Adding AT veneer (12 bytes, Long) for call to '__rt_lib_shutdown' from kernel.o(.text).
    Adding TA veneer (8 bytes, Short) for call to '__rt_exit' from exit.o(.text).
    Adding TA veneer (4 bytes, Inline) for call to '_fp_init' from lib_init.o(.text).
    Adding TA veneer (4 bytes, Inline) for call to '__ARM_argv_veneer' from lib_init.o(.text).
    Adding TA veneer (4 bytes, Inline) for call to '__rt_locale' from lib_init.o(.text).

9 Veneer(s) (total 60 bytes) added to the image.

================================================================================

Image Symbol Table

    Local Symbols

    Symbol Name                              Value     Ov Type        Size  Object(Section)

    RESET                                    0x00000000   Section      288  startup.o(RESET)
    ../../angel/boardlib.s                   0x00000000   Number         0  boardshut.o ABSOLUTE
    ../../angel/boardlib.s                   0x00000000   Number         0  cpuinit.o ABSOLUTE
    ../../angel/boardlib.s                   0x00000000   Number         0  boardinit1.o ABSOLUTE
    ../../angel/boardlib.s                   0x00000000   Number         0  boardinit2.o ABSOLUTE
    ../../angel/boardlib.s                   0x00000000   Number         0  boardinit3.o ABSOLUTE
    ../../angel/handlers.s                   0x00000000   Number         0  __scatter_zi.o ABSOLUTE
    ../../angel/handlers.s                   0x00000000   Number         0  __scatter_copy.o ABSOLUTE
    ../../angel/kernel.s                     0x00000000   Number         0  kernel.o ABSOLUTE
    ../../angel/rt.s                         0x00000000   Number         0  rt_fp_status_addr_intlibspace.o ABSOLUTE
    ../../angel/rt.s                         0x00000000   Number         0  rt_stackheap_storage_onelibspace.o ABSOLUTE
    ../../angel/rt.s                         0x00000000   Number         0  rt_fp_status_addr_twolibspace.o ABSOLUTE
    ../../angel/rt.s                         0x00000000   Number         0  stack_cleanup.o ABSOLUTE
    ../../angel/rt.s                         0x00000000   Number         0  rt_stackheap_storage_intlibspace.o ABSOLUTE
    ../../angel/rt.s                         0x00000000   Number         0  rt_fp_status_addr.o ABSOLUTE
    ../../angel/rt.s                         0x00000000   Number         0  rt_locale_onelibspace.o ABSOLUTE
    ../../angel/rt.s                         0x00000000   Number         0  rt_locale_intlibspace.o ABSOLUTE
    ../../angel/rt.s                         0x00000000   Number         0  rt_locale.o ABSOLUTE
    ../../angel/rt.s                         0x00000000   Number         0  rt_fp_status_addr_onelibspace.o ABSOLUTE
    ../../angel/rt.s                         0x00000000   Number         0  rt_stackheap_storage.o ABSOLUTE
    ../../angel/rt.s                         0x00000000   Number         0  rt_raise.o ABSOLUTE
    ../../angel/rt.s                         0x00000000   Number         0  rt_locale_twolibspace.o ABSOLUTE
    ../../angel/rt.s                         0x00000000   Number         0  rt_stackheap_storage_twolibspace.o ABSOLUTE
    ../../angel/scatter.s                    0x00000000   Number         0  __scatter.o ABSOLUTE
    ../../angel/startup.s                    0x00000000   Number         0  __main.o ABSOLUTE
    ../../angel/sys.s                        0x00000000   Number         0  libspace.o ABSOLUTE
    ../../angel/sys.s                        0x00000000   Number         0  sys_exit.o ABSOLUTE
    ../../angel/sys.s                        0x00000000   Number         0  use_no_semi.o ABSOLUTE
    ../../angel/sys.s                        0x00000000   Number         0  sys_stackheap_outer.o ABSOLUTE
    ../../angel/sysapp.c                     0x00000000   Number         0  sys_wrch.o ABSOLUTE
    ../../angel/sysapp.c                     0x00000000   Number         0  sys_command.o ABSOLUTE
    ../../armsys.c                           0x00000000   Number         0  lib_init.o ABSOLUTE
    ../../armsys.c                           0x00000000   Number         0  _get_argv.o ABSOLUTE
    ../../armsys.c                           0x00000000   Number         0  lib_init.o ABSOLUTE
    ../../armsys.c                           0x00000000   Number         0  no_argv.o ABSOLUTE
    ../../division.s                         0x00000000   Number         0  rtudiv10.o ABSOLUTE
    ../../fpinit.s                           0x00000000   Number         0  fpinit.o ABSOLUTE
    ../../heapalloc.c                        0x00000000   Number         0  hrguard.o ABSOLUTE
    ../../memcpset.s                         0x00000000   Number         0  rt_memcpy.o ABSOLUTE
    ../../memcpset.s                         0x00000000   Number         0  rt_memcpy_w.o ABSOLUTE
    ../../printf.c                           0x00000000   Number         0  __printf.o ABSOLUTE
    ../../printf.c                           0x00000000   Number         0  _printf_input_char.o ABSOLUTE
    ../../printf.c                           0x00000000   Number         0  _printf_dec.o ABSOLUTE
    ../../printf.c                           0x00000000   Number         0  _printf_outstr_char.o ABSOLUTE
    ../../printf.c                           0x00000000   Number         0  _printf_intcommon.o ABSOLUTE
    ../../printf.c                           0x00000000   Number         0  _sputc.o ABSOLUTE
    ../../printf.c                           0x00000000   Number         0  _printf_char_common.o ABSOLUTE
    ../../printf.c                           0x00000000   Number         0  __0sprintf.o ABSOLUTE
    ../../signal.c                           0x00000000   Number         0  defsig_rtmem_formal.o ABSOLUTE
    ../../signal.c                           0x00000000   Number         0  defsig_exit.o ABSOLUTE
    ../../signal.c                           0x00000000   Number         0  defsig_stak_inner.o ABSOLUTE
    ../../signal.c                           0x00000000   Number         0  __raise.o ABSOLUTE
    ../../signal.c                           0x00000000   Number         0  defsig_general.o ABSOLUTE
    ../../signal.c                           0x00000000   Number         0  defsig_rtmem_inner.o ABSOLUTE
    ../../signal.c                           0x00000000   Number         0  defsig_rtmem_outer.o ABSOLUTE
    ../../signal.c                           0x00000000   Number         0  defsig_stak_outer.o ABSOLUTE
    ../../signal.c                           0x00000000   Number         0  defsig_stak_formal.o ABSOLUTE
    ../../signal.s                           0x00000000   Number         0  defsig.o ABSOLUTE
    ../../stdlib.c                           0x00000000   Number         0  exit.o ABSOLUTE
    ../../stkheap.s                          0x00000000   Number         0  stacklimit.o ABSOLUTE
    ../../stkheap.s                          0x00000000   Number         0  heapext.o ABSOLUTE
    ../../stkheap.s                          0x00000000   Number         0  stkovf.o ABSOLUTE
    ../../stkheap1.s                         0x00000000   Number         0  stkheap1sc.o ABSOLUTE
    ../../stkheap1.s                         0x00000000   Number         0  stkheap1.o ABSOLUTE
    ../../stkheap1.s                         0x00000000   Number         0  stkheap1scss.o ABSOLUTE
    ../../stkheap2.s                         0x00000000   Number         0  stkheap2.o ABSOLUTE
    ../../stkheap2.s                         0x00000000   Number         0  stkheap2scss.o ABSOLUTE
    ../../stkheap2.s                         0x00000000   Number         0  stkheap2sc.o ABSOLUTE
    ../../string.c                           0x00000000   Number         0  memcmp.o ABSOLUTE
    ../../unhosted.s                         0x00000000   Number         0  uwrite4.o ABSOLUTE
    ../../unhosted.s                         0x00000000   Number         0  callvia.o ABSOLUTE
    MainSource\ClockUnit.c                   0x00000000   Number         0  clockunit.o ABSOLUTE
    MainSource\Command_Unit.c                0x00000000   Number         0  command_unit.o ABSOLUTE
    MainSource\IRQ_Unit.c                    0x00000000   Number         0  irq_unit.o ABSOLUTE
    MainSource\MAIN.C                        0x00000000   Number         0  main.o ABSOLUTE
    MainSource\SPI_Unit.c                    0x00000000   Number         0  spi_unit.o ABSOLUTE
    Startup.s                                0x00000000   Number         0  startup.o ABSOLUTE
    dc.s                                     0x00000000   Number         0  dc.o ABSOLUTE
    Undef_Handler                            0x00000040   ARM Code       4  startup.o(RESET)
    SWI_Handler                              0x00000044   ARM Code       4  startup.o(RESET)
    PAbt_Handler                             0x00000048   ARM Code       4  startup.o(RESET)
    DAbt_Handler                             0x0000004c   ARM Code       4  startup.o(RESET)
    IRQ_Handler                              0x00000050   ARM Code       4  startup.o(RESET)
    FIQ_Handler                              0x00000054   ARM Code       4  startup.o(RESET)
    !!!main                                  0x00000120   Section        8  __main.o(!!!main)
    !!!scatter                               0x00000128   Section       56  __scatter.o(!!!scatter)
    !!handler_copy                           0x00000160   Section       40  __scatter_copy.o(!!handler_copy)
    !!handler_zi                             0x00000188   Section       44  __scatter_zi.o(!!handler_zi)
    .emb_text                                0x000001b8   Section       16  lib_init.o(.emb_text)
    .text                                    0x000001c8   Section       32  startup.o(.text)
    .text                                    0x000001e8   Section      660  clockunit.o(.text)
    .text                                    0x0000047c   Section     3088  command_unit.o(.text)
    .text                                    0x0000108c   Section      172  irq_unit.o(.text)
    .text                                    0x00001138   Section      988  main.o(.text)
    .text                                    0x00001514   Section      632  spi_unit.o(.text)
    .text                                    0x0000178c   Section      116  _printf_dec.o(.text)
    .text                                    0x00001808   Section       44  __0sprintf.o(.text)
    .text                                    0x0000183c   Section       86  memcmp.o(.text)
    .text                                    0x00001894   Section      212  rt_memcpy.o(.text)
    .text                                    0x00001968   Section      100  rt_memcpy_w.o(.text)
    .text                                    0x000019cc   Section       32  uwrite4.o(.text)
    .text                                    0x000019ec   Section       88  stkheap2.o(.text)
    .text                                    0x00001a44   Section      104  kernel.o(.text)
    .text                                    0x00001aac   Section       96  sys_stackheap_outer.o(.text)
    .text                                    0x00001b0c   Section       16  rt_stackheap_storage_intlibspace.o(.text)
    .text                                    0x00001b1c   Section      168  _printf_intcommon.o(.text)
    .text                                    0x00001bc4   Section       52  _printf_char_common.o(.text)
    .text                                    0x00001bf8   Section       10  _sputc.o(.text)
    .text                                    0x00001c08   Section       44  rtudiv10.o(.text)
    .text                                    0x00001c34   Section       24  sys_exit.o(.text)
    .text                                    0x00001c4c   Section       12  libspace.o(.text)
    .text                                    0x00001c58   Section      744  __printf.o(.text)
    .text                                    0x00001f40   Section       32  _printf_outstr_char.o(.text)
    .text                                    0x00001f60   Section       10  _printf_input_char.o(.text)
    .text                                    0x00001f6a   Section       24  exit.o(.text)
    .text                                    0x00001f8c   Section      214  lib_init.o(.text)
    .text                                    0x00002064   Section       12  boardinit2.o(.text)
    .text                                    0x00002070   Section       16  boardinit3.o(.text)
    .text                                    0x00002080   Section       16  callvia.o(.text)
    .text                                    0x00002090   Section        4  use_no_semi.o(.text)
    .text                                    0x00002098   Section       16  rt_locale_intlibspace.o(.text)
    .text                                    0x000020a8   Section        6  no_argv.o(.text)
    .text                                    0x000020b0   Section       16  rt_fp_status_addr_intlibspace.o(.text)
    x$fpl$fpinit                             0x000020d8   Section       24  fpinit.o(x$fpl$fpinit)
    .constdata                               0x000020f0   Section       76  irq_unit.o(.constdata)
    .constdata                               0x0000213c   Section       32  main.o(.constdata)
    .constdata                               0x0000215c   Section       17  __printf.o(.constdata)
    maptable@__printf_0                      0x0000215c   Data          17  __printf.o(.constdata)
    .data                                    0x40000000   Section        4  clockunit.o(.data)
    .data                                    0x40000004   Section        8  command_unit.o(.data)
    .data                                    0x4000000c   Section        4  main.o(.data)
    .data                                    0x40000010   Section       12  spi_unit.o(.data)
    .bss                                     0x4000001c   Section       36  clockunit.o(.bss)
    .bss                                     0x40000040   Section     4162  command_unit.o(.bss)
    .bss                                     0x40001084   Section       96  libspace.o(.bss)
    HEAP                                     0x400010e8   Number         0  startup.o(HEAP)
    STACK                                    0x400010e8   Section     1160  startup.o(STACK)
    Heap_Mem                                 0x400010e8   Number         0  startup.o(HEAP)
    Stack_Mem                                0x400010e8   Data        1024  startup.o(STACK)
    Stack_Top                                0x40001570   Number         0  startup.o(STACK)

    Global Symbols

    Symbol Name                              Value     Ov Type        Size  Object(Section)

    BuildAttributes$$THUMB_ISAv1$ARM_ISAv4$M$PE$A:L22$X:L11$S22$IEEE1$IW$USESV6$~STKCKD$USESV7$~SHL$OSPACE$EBA8$REQ8$PRES8$EABIv2 0x00000000   Number         0  anon$$obj.o ABSOLUTE
    __ARM_use_no_argv                        0x00000000   Number         0  main.o ABSOLUTE
    __use_stack_checking                     0x00000000   Number         0  stkovf.o ABSOLUTE
    __ARM_exceptions_init                     - Undefined Weak Reference
    __ARM_stackcheck                          - Undefined Weak Reference
    __Heap_DescSize                           - Undefined Weak Reference
    __alloca_initialize                       - Undefined Weak Reference
    __cpp_initialize__aeabi_                  - Undefined Weak Reference
    __cxa_finalize                            - Undefined Weak Reference
    __rt_SIGABRT_inner                        - Undefined Weak Reference
    __rt_SIGCPPL_inner                        - Undefined Weak Reference
    __rt_SIGFPE_inner                         - Undefined Weak Reference
    __rt_SIGILL_inner                         - Undefined Weak Reference
    __rt_SIGINT_inner                         - Undefined Weak Reference
    __rt_SIGPVFN_inner                        - Undefined Weak Reference
    __rt_SIGRTRED_inner                       - Undefined Weak Reference
    __rt_SIGSEGV_inner                        - Undefined Weak Reference
    __rt_SIGTERM_inner                        - Undefined Weak Reference
    __rt_SIGUSR1_inner                        - Undefined Weak Reference
    __rt_SIGUSR2_inner                        - Undefined Weak Reference
    __rt_sigother_inner                       - Undefined Weak Reference
    __sigvec_lookup                           - Undefined Weak Reference
    __user_heap_extend                        - Undefined Weak Reference
    __user_stack_slop                         - Undefined Weak Reference
    _atexit_init                              - Undefined Weak Reference
    _call_atexit_fns                          - Undefined Weak Reference
    _clock_init                               - Undefined Weak Reference
    _fp_trap_init                             - Undefined Weak Reference
    _get_lc_collate                           - Undefined Weak Reference
    _get_lc_ctype                             - Undefined Weak Reference
    _get_lc_monetary                          - Undefined Weak Reference
    _get_lc_numeric                           - Undefined Weak Reference
    _get_lc_time                              - Undefined Weak Reference
    _getenv_init                              - Undefined Weak Reference
    _handle_redirection                       - Undefined Weak Reference
    _init_alloc                               - Undefined Weak Reference
    _init_user_alloc                          - Undefined Weak Reference
    _initio                                   - Undefined Weak Reference
    _printf_charcount                         - Undefined Weak Reference
    _printf_fp_dec                            - Undefined Weak Reference
    _printf_fp_hex                            - Undefined Weak Reference
    _printf_longlong_dec                      - Undefined Weak Reference
    _printf_longlong_hex                      - Undefined Weak Reference
    _printf_longlong_oct                      - Undefined Weak Reference
    _printf_mbtowc                            - Undefined Weak Reference
    _printf_post_padding                      - Undefined Weak Reference
    _printf_pre_padding                       - Undefined Weak Reference
    _printf_str                               - Undefined Weak Reference
    _printf_truncate_signed                   - Undefined Weak Reference
    _printf_truncate_unsigned                 - Undefined Weak Reference
    _printf_wc                                - Undefined Weak Reference
    _printf_wctomb                            - Undefined Weak Reference
    _rand_init                                - Undefined Weak Reference
    _signal_init                              - Undefined Weak Reference
    _terminate_user_alloc                     - Undefined Weak Reference
    _terminateio                              - Undefined Weak Reference
    Reset_Handler                            0x00000058   ARM Code       0  startup.o(RESET)
    __main                                   0x00000120   ARM Code       8  __main.o(!!!main)
    __scatterload                            0x00000128   ARM Code       0  __scatter.o(!!!scatter)
    __scatterload_rt2                        0x00000128   ARM Code      48  __scatter.o(!!!scatter)
    __scatterload_null                       0x0000013c   ARM Code       0  __scatter.o(!!!scatter)
    __scatterload_copy                       0x00000160   ARM Code      40  __scatter_copy.o(!!handler_copy)
    __scatterload_zeroinit                   0x00000188   ARM Code      44  __scatter_zi.o(!!handler_zi)
    Inline Thumb to ARM Veneer to __ARM_argv_veneer 0x000001b5   Thumb Code     0  lib_init.o(.emb_text)
    __ARM_argv_veneer                        0x000001b8   ARM Code      16  lib_init.o(.emb_text)
    __user_initial_stackheap                 0x000001c8   ARM Code       0  startup.o(.text)
    IRQ_Timer0                               0x000001e8   ARM Code     236  clockunit.o(.text)
    CLK_Init                                 0x000002d4   ARM Code     148  clockunit.o(.text)
    CLK_SetupTimer                           0x00000368   ARM Code      76  clockunit.o(.text)
    CLK_OnTimer                              0x000003b4   ARM Code     132  clockunit.o(.text)
    CLK_Delay                                0x00000438   ARM Code      56  clockunit.o(.text)
    CMD_Init                                 0x0000047c   ARM Code      76  command_unit.o(.text)
    CMD_DoCommand                            0x000004c8   ARM Code     224  command_unit.o(.text)
    CMD_WriteFile                            0x000005a8   ARM Code     148  command_unit.o(.text)
    CMD_ReadFile                             0x0000063c   ARM Code     228  command_unit.o(.text)
    CMD_CreateFile                           0x00000720   ARM Code     448  command_unit.o(.text)
    CMD_OpenFile                             0x000008e0   ARM Code     204  command_unit.o(.text)
    CMD_SetPointer                           0x000009ac   ARM Code     184  command_unit.o(.text)
    CMD_Detect                               0x00000a64   ARM Code     148  command_unit.o(.text)
    CMD_GetVersion                           0x00000af8   ARM Code     152  command_unit.o(.text)
    CMD_InDir                                0x00000b90   ARM Code     156  command_unit.o(.text)
    CMD_OutDir                               0x00000c2c   ARM Code     112  command_unit.o(.text)
    CMD_RootDir                              0x00000c9c   ARM Code     112  command_unit.o(.text)
    CMD_MakeDir                              0x00000d0c   ARM Code     392  command_unit.o(.text)
    CMD_Remove                               0x00000e94   ARM Code     204  command_unit.o(.text)
    CMD_GetCapacity                          0x00000f60   ARM Code     272  command_unit.o(.text)
    IRQ_SetInt                               0x0000108c   ARM Code     104  irq_unit.o(.text)
    IRQ_Enable                               0x000010f4   ARM Code      32  irq_unit.o(.text)
    IRQ_Disable                              0x00001114   ARM Code      32  irq_unit.o(.text)
    Init_IO                                  0x00001138   ARM Code      40  main.o(.text)
    Main_BlinkLED                            0x00001160   ARM Code      84  main.o(.text)
    DoTest1                                  0x000011b4   ARM Code     292  main.o(.text)
    DoTest2                                  0x000012d8   ARM Code     400  main.o(.text)
    main                                     0x00001468   ARM Code     172  main.o(.text)
    SPI_Handler                              0x00001514   ARM Code      68  spi_unit.o(.text)
    SPI_Init                                 0x00001558   ARM Code     112  spi_unit.o(.text)
    SPI_Send                                 0x000015c8   ARM Code      64  spi_unit.o(.text)
    SPI_CanSendNextPacket                    0x00001608   ARM Code       8  spi_unit.o(.text)
    SPI_StartRead                            0x00001610   ARM Code      80  spi_unit.o(.text)
    SPI_GetReadCounter                       0x00001660   ARM Code     244  spi_unit.o(.text)
    SPI_CancelRead                           0x00001754   ARM Code      24  spi_unit.o(.text)
    _printf_int_dec                          0x0000178d   Thumb Code    98  _printf_dec.o(.text)
    Inline ARM to Thumb Veneer to __0sprintf 0x00001800   ARM Code       0  __0sprintf.o(.text)
    __0sprintf                               0x00001809   Thumb Code    40  __0sprintf.o(.text)
    Inline ARM to Thumb Veneer to memcmp     0x00001834   ARM Code       0  memcmp.o(.text)
    memcmp                                   0x0000183d   Thumb Code    86  memcmp.o(.text)
    __aeabi_memcpy                           0x00001894   ARM Code       0  rt_memcpy.o(.text)
    __rt_memcpy                              0x00001894   ARM Code     212  rt_memcpy.o(.text)
    _memcpy_lastbytes                        0x00001948   ARM Code       0  rt_memcpy.o(.text)
    __aeabi_memcpy4                          0x00001968   ARM Code       0  rt_memcpy_w.o(.text)
    __aeabi_memcpy8                          0x00001968   ARM Code       0  rt_memcpy_w.o(.text)
    __rt_memcpy_w                            0x00001968   ARM Code     100  rt_memcpy_w.o(.text)
    _memcpy_lastbytes_aligned                0x000019b4   ARM Code       0  rt_memcpy_w.o(.text)
    __aeabi_uwrite4                          0x000019cc   ARM Code       0  uwrite4.o(.text)
    __rt_uwrite4                             0x000019cc   ARM Code      32  uwrite4.o(.text)
    __use_two_region_memory                  0x000019ec   ARM Code       4  stkheap2.o(.text)
    __rt_stackheap_init                      0x000019f0   ARM Code      60  stkheap2.o(.text)
    __rt_heap_extend                         0x00001a2c   ARM Code      24  stkheap2.o(.text)
    __rt_entry                               0x00001a44   ARM Code      76  kernel.o(.text)
    __rt_exit                                0x00001a90   ARM Code      20  kernel.o(.text)
    __rt_abort                               0x00001aa4   ARM Code       8  kernel.o(.text)
    __user_setup_stackheap                   0x00001aac   ARM Code      96  sys_stackheap_outer.o(.text)
    __rt_stackheap_storage                   0x00001b0c   ARM Code      12  rt_stackheap_storage_intlibspace.o(.text)
    _printf_int_common                       0x00001b1d   Thumb Code   168  _printf_intcommon.o(.text)
    _printf_char_common                      0x00001bc5   Thumb Code    44  _printf_char_common.o(.text)
    _sputc                                   0x00001bf9   Thumb Code    10  _sputc.o(.text)
    Inline Thumb to ARM Veneer to __rt_udiv10 0x00001c05   Thumb Code     0  rtudiv10.o(.text)
    __rt_udiv10                              0x00001c08   ARM Code      44  rtudiv10.o(.text)
    _sys_exit                                0x00001c34   ARM Code      20  sys_exit.o(.text)
    __user_libspace                          0x00001c4c   ARM Code       8  libspace.o(.text)
    __user_perproc_libspace                  0x00001c4c   ARM Code       0  libspace.o(.text)
    __user_perthread_libspace                0x00001c4c   ARM Code       0  libspace.o(.text)
    __printf                                 0x00001c59   Thumb Code   740  __printf.o(.text)
    _printf_outstr_char                      0x00001f41   Thumb Code    32  _printf_outstr_char.o(.text)
    _printf_input_char                       0x00001f61   Thumb Code    10  _printf_input_char.o(.text)
    exit                                     0x00001f6b   Thumb Code    24  exit.o(.text)
    Inline ARM to Thumb Veneer to __rt_lib_init 0x00001f84   ARM Code       0  lib_init.o(.text)
    __rt_lib_init                            0x00001f8d   Thumb Code   188  lib_init.o(.text)
    __rt_lib_shutdown                        0x00002049   Thumb Code    26  lib_init.o(.text)
    _platform_post_stackheap_init            0x00002064   ARM Code      12  boardinit2.o(.text)
    _platform_post_lib_init                  0x00002070   ARM Code      16  boardinit3.o(.text)
    __ARM_call_via_r0                        0x00002081   Thumb Code     2  callvia.o(.text)
    __call_via_r0                            0x00002081   Thumb Code     0  callvia.o(.text)
    __ARM_call_via_r1                        0x00002083   Thumb Code     2  callvia.o(.text)
    __call_via_r1                            0x00002083   Thumb Code     0  callvia.o(.text)
    __ARM_call_via_r2                        0x00002085   Thumb Code     2  callvia.o(.text)
    __call_via_r2                            0x00002085   Thumb Code     0  callvia.o(.text)
    __ARM_call_via_r3                        0x00002087   Thumb Code     2  callvia.o(.text)
    __call_via_r3                            0x00002087   Thumb Code     0  callvia.o(.text)
    __ARM_call_via_r4                        0x00002089   Thumb Code     2  callvia.o(.text)
    __call_via_r4                            0x00002089   Thumb Code     0  callvia.o(.text)
    __ARM_call_via_r5                        0x0000208b   Thumb Code     2  callvia.o(.text)
    __call_via_r5                            0x0000208b   Thumb Code     0  callvia.o(.text)
    __ARM_call_via_r6                        0x0000208d   Thumb Code     2  callvia.o(.text)
    __call_via_r6                            0x0000208d   Thumb Code     0  callvia.o(.text)
    __ARM_call_via_r7                        0x0000208f   Thumb Code     2  callvia.o(.text)
    __call_via_r7                            0x0000208f   Thumb Code     0  callvia.o(.text)
    __I_use_semihosting                      0x00002090   ARM Code       0  use_no_semi.o(.text)
    __use_no_semihosting_swi                 0x00002090   ARM Code       4  use_no_semi.o(.text)
    Inline Thumb to ARM Veneer to __rt_locale 0x00002095   Thumb Code     0  rt_locale_intlibspace.o(.text)
    __rt_locale                              0x00002098   ARM Code      12  rt_locale_intlibspace.o(.text)
    __ARM_get_argv                           0x000020a9   Thumb Code     6  no_argv.o(.text)
    __rt_fp_status_addr                      0x000020b0   ARM Code      12  rt_fp_status_addr_intlibspace.o(.text)
    Long ARM to Thumb Veneer to __rt_lib_shutdown 0x000020c0   ARM Code       0  anon$$obj.o(Veneer$$Code)
    Short Thumb to ARM Veneer to __rt_exit   0x000020cd   Thumb Code     0  anon$$obj.o(Veneer$$Code)
    Inline Thumb to ARM Veneer to _fp_init   0x000020d5   Thumb Code     0  fpinit.o(x$fpl$fpinit)
    _fp_init                                 0x000020d8   ARM Code      24  fpinit.o(x$fpl$fpinit)
    __fplib_config_pureend_doubles           0x000020e8   ARM Code       0  fpinit.o(x$fpl$fpinit)
    cIRQ_VICIntMask                          0x000020f0   Data          76  irq_unit.o(.constdata)
    Region$$Table$$Base                      0x00002170   Number         0  anon$$obj.o(Region$$Table)
    Region$$Table$$Limit                     0x00002190   Number         0  anon$$obj.o(Region$$Table)
    vCLK_TimerCount                          0x40000000   Data           4  clockunit.o(.data)
    vCMD_pCommand                            0x40000004   Data           4  command_unit.o(.data)
    vCMD_pStatus                             0x40000008   Data           4  command_unit.o(.data)
    vMain_MyLED                              0x4000000c   Data           4  main.o(.data)
    vSPI_RD_pData                            0x40000010   Data           4  spi_unit.o(.data)
    vSPI_ReadLength                          0x40000014   Data           2  spi_unit.o(.data)
    vSPI_ReadCounter                         0x40000016   Data           2  spi_unit.o(.data)
    vSPI_FirstData                           0x40000018   Data           4  spi_unit.o(.data)
    vCLK_TimerRec                            0x4000001c   Data          36  clockunit.o(.bss)
    vCMD_CmdStaBuffer                        0x40000040   Data        4162  command_unit.o(.bss)
    __libspace_start                         0x40001084   Data          96  libspace.o(.bss)


================================================================================

Memory Map of the image

  Image Entry point : 0x00000120

  Load Region LR_IROM1 (Base: 0x00000000, Size: 0x000021ac, Max: 0xffffffff, ABSOLUTE)

    Execution Region ER_IROM1 (Base: 0x00000000, Size: 0x00002190, Max: 0x00008000, ABSOLUTE)

    Base Addr    Size         Type   Attr      Idx    E Section Name        Object

    0x00000000   0x00000120   Code   RO            3    RESET               startup.o
    0x00000120   0x00000008   Code   RO          141  * !!!main             __main.o(c_t__un.l)
    0x00000128   0x00000038   Code   RO          267    !!!scatter          __scatter.o(c_t__un.l)
    0x00000160   0x00000028   Code   RO          269    !!handler_copy      __scatter_copy.o(c_t__un.l)
    0x00000188   0x0000002c   Code   RO          271    !!handler_zi        __scatter_zi.o(c_t__un.l)
    0x000001b4   0x00000004   Ven    RO          189    .emb_text           lib_init.o(c_t__un.l)
    0x000001b8   0x00000010   Code   RO          189    .emb_text           lib_init.o(c_t__un.l)
    0x000001c8   0x00000020   Code   RO            4    .text               startup.o
    0x000001e8   0x00000294   Code   RO           11    .text               clockunit.o
    0x0000047c   0x00000c10   Code   RO           41    .text               command_unit.o
    0x0000108c   0x000000ac   Code   RO           63    .text               irq_unit.o
    0x00001138   0x000003dc   Code   RO           81    .text               main.o
    0x00001514   0x00000278   Code   RO          107    .text               spi_unit.o
    0x0000178c   0x00000074   Code   RO          127    .text               _printf_dec.o(c_t__un.l)
    0x00001800   0x00000008   Ven    RO          129    .text               __0sprintf.o(c_t__un.l)
    0x00001808   0x0000002c   Code   RO          129    .text               __0sprintf.o(c_t__un.l)
    0x00001834   0x00000008   Ven    RO          131    .text               memcmp.o(c_t__un.l)
    0x0000183c   0x00000056   Code   RO          131    .text               memcmp.o(c_t__un.l)
    0x00001892   0x00000002   PAD
    0x00001894   0x000000d4   Code   RO          133    .text               rt_memcpy.o(c_t__un.l)
    0x00001968   0x00000064   Code   RO          135    .text               rt_memcpy_w.o(c_t__un.l)
    0x000019cc   0x00000020   Code   RO          137    .text               uwrite4.o(c_t__un.l)
    0x000019ec   0x00000058   Code   RO          139    .text               stkheap2.o(c_t__un.l)
    0x00001a44   0x00000068   Code   RO          143    .text               kernel.o(c_t__un.l)
    0x00001aac   0x00000060   Code   RO          146    .text               sys_stackheap_outer.o(c_t__un.l)
    0x00001b0c   0x00000010   Code   RO          151    .text               rt_stackheap_storage_intlibspace.o(c_t__un.l)
    0x00001b1c   0x000000a8   Code   RO          157    .text               _printf_intcommon.o(c_t__un.l)
    0x00001bc4   0x00000034   Code   RO          159    .text               _printf_char_common.o(c_t__un.l)
    0x00001bf8   0x0000000a   Code   RO          161    .text               _sputc.o(c_t__un.l)
    0x00001c02   0x00000002   PAD
    0x00001c04   0x00000004   Ven    RO          163    .text               rtudiv10.o(c_t__un.l)
    0x00001c08   0x0000002c   Code   RO          163    .text               rtudiv10.o(c_t__un.l)
    0x00001c34   0x00000018   Code   RO          165    .text               sys_exit.o(c_t__un.l)
    0x00001c4c   0x0000000c   Code   RO          167    .text               libspace.o(c_t__un.l)
    0x00001c58   0x000002e8   Code   RO          170    .text               __printf.o(c_t__un.l)
    0x00001f40   0x00000020   Code   RO          173    .text               _printf_outstr_char.o(c_t__un.l)
    0x00001f60   0x0000000a   Code   RO          175    .text               _printf_input_char.o(c_t__un.l)
    0x00001f6a   0x00000018   Code   RO          177    .text               exit.o(c_t__un.l)
    0x00001f82   0x00000002   PAD
    0x00001f84   0x00000008   Ven    RO          190    .text               lib_init.o(c_t__un.l)
    0x00001f8c   0x000000d6   Code   RO          190    .text               lib_init.o(c_t__un.l)
    0x00002062   0x00000002   PAD
    0x00002064   0x0000000c   Code   RO          195    .text               boardinit2.o(c_t__un.l)
    0x00002070   0x00000010   Code   RO          197    .text               boardinit3.o(c_t__un.l)
    0x00002080   0x00000010   Code   RO          201    .text               callvia.o(h_t__un.l)
    0x00002090   0x00000004   Code   RO          202    .text               use_no_semi.o(c_t__un.l)
    0x00002094   0x00000004   Ven    RO          209    .text               rt_locale_intlibspace.o(c_t__un.l)
    0x00002098   0x00000010   Code   RO          209    .text               rt_locale_intlibspace.o(c_t__un.l)
    0x000020a8   0x00000006   Code   RO          223    .text               no_argv.o(c_t__un.l)
    0x000020ae   0x00000002   PAD
    0x000020b0   0x00000010   Code   RO          232    .text               rt_fp_status_addr_intlibspace.o(c_t__un.l)
    0x000020c0   0x0000000c   Ven    RO          277    Veneer$$Code        anon$$obj.o
    0x000020cc   0x00000008   Ven    RO          278    Veneer$$Code        anon$$obj.o
    0x000020d4   0x00000004   Ven    RO          225    x$fpl$fpinit        fpinit.o(fz_t_p.l)
    0x000020d8   0x00000018   Code   RO          225    x$fpl$fpinit        fpinit.o(fz_t_p.l)
    0x000020f0   0x0000004c   Data   RO           64    .constdata          irq_unit.o
    0x0000213c   0x00000020   Data   RO           83    .constdata          main.o
    0x0000215c   0x00000011   Data   RO          171    .constdata          __printf.o(c_t__un.l)
    0x0000216d   0x00000003   PAD
    0x00002170   0x00000020   Data   RO          266    Region$$Table       anon$$obj.o


    Execution Region RW_IRAM1 (Base: 0x40000000, Size: 0x00001570, Max: 0x00002000, ABSOLUTE)

    Base Addr    Size         Type   Attr      Idx    E Section Name        Object

    0x40000000   0x00000004   Data   RW           12    .data               clockunit.o
    0x40000004   0x00000008   Data   RW           42    .data               command_unit.o
    0x4000000c   0x00000004   Data   RW           82    .data               main.o
    0x40000010   0x0000000c   Data   RW          108    .data               spi_unit.o
    0x4000001c   0x00000024   Zero   RW           13    .bss                clockunit.o
    0x40000040   0x00001042   Zero   RW           43    .bss                command_unit.o
    0x40001082   0x00000002   PAD
    0x40001084   0x00000060   Zero   RW          168    .bss                libspace.o(c_t__un.l)
    0x400010e4   0x00000004   PAD
    0x400010e8   0x00000000   Zero   RW            2    HEAP                startup.o
    0x400010e8   0x00000488   Zero   RW            1    STACK               startup.o


================================================================================

Image component sizes


      Code (inc. data)   RO Data    RW Data    ZI Data      Debug   Object Name

       660         12          0          4         36       7400   clockunit.o
      3088         28          0          8       4162       8832   command_unit.o
       172          4         76          0          0       2264   irq_unit.o
       988         64         32          4          0       1912   main.o
       632         32          0         12          0       1764   spi_unit.o
       320         64          0          0       1160        592   startup.o

    ------------------------------------------------------------------------
      5880        208        140         28       5360      22764   Object Totals
        20          4         32          0          0          0   (incl. Generated)
         0          0          0          0          2          0   (incl. Padding)

    ------------------------------------------------------------------------

      Code (inc. data)   RO Data    RW Data    ZI Data      Debug   Library Member Name

        52          4          0          0          0          0   __0sprintf.o
         8          0          0          0          0          0   __main.o
       744          4         17          0          0          0   __printf.o
        56          8          0          0          0          0   __scatter.o
        40          0          0          0          0          0   __scatter_copy.o
        44          0          0          0          0          0   __scatter_zi.o
        52          8          0          0          0          0   _printf_char_common.o
       116         18          0          0          0          0   _printf_dec.o
        10          0          0          0          0          0   _printf_input_char.o
       168          0          0          0          0          0   _printf_intcommon.o
        32          0          0          0          0          0   _printf_outstr_char.o
        10          0          0          0          0          0   _sputc.o
        12          0          0          0          0          0   boardinit2.o
        16          0          0          0          0          0   boardinit3.o
        16          0          0          0          0          0   callvia.o
        24          0          0          0          0          0   exit.o
        28          0          0          0          0          0   fpinit.o
       104          4          0          0          0          0   kernel.o
       242          4          0          0          0          0   lib_init.o
        12          4          0          0         96          0   libspace.o
        94          0          0          0          0          0   memcmp.o
         6          0          0          0          0          0   no_argv.o
        16          4          0          0          0          0   rt_fp_status_addr_intlibspace.o
        20          4          0          0          0          0   rt_locale_intlibspace.o
       212          0          0          0          0          0   rt_memcpy.o
       100          0          0          0          0          0   rt_memcpy_w.o
        16          4          0          0          0          0   rt_stackheap_storage_intlibspace.o
        48          0          0          0          0          0   rtudiv10.o
        88          0          0          0          0          0   stkheap2.o
        24          8          0          0          0          0   sys_exit.o
        96          0          0          0          0          0   sys_stackheap_outer.o
         4          0          0          0          0          0   use_no_semi.o
        32          0          0          0          0          0   uwrite4.o

    ------------------------------------------------------------------------
      2552         74         20          0        100          0   Library Totals
        10          0          3          0          4          0   (incl. Padding)

    ------------------------------------------------------------------------

      Code (inc. data)   RO Data    RW Data    ZI Data      Debug   Library Name

      2498         74         17          0         96          0   c_t__un.l
        28          0          0          0          0          0   fz_t_p.l
        16          0          0          0          0          0   h_t__un.l

    ------------------------------------------------------------------------
      2552         74         20          0        100          0   Library Totals

    ------------------------------------------------------------------------

================================================================================


      Code (inc. data)   RO Data    RW Data    ZI Data      Debug   

      8432        282        160         28       5460      22764   Grand Totals
      8432        282        160         28       5460      22764   Image Totals

================================================================================

    Total RO  Size (Code + RO Data)                 8592 (   8.39kB)
    Total RW  Size (RW Data + ZI Data)              5488 (   5.36kB)
    Total ROM Size (Code + RO Data + RW Data)       8620 (   8.42kB)

================================================================================

